mean []:
   NaN

mean [1]:
   1

mean [1,2]:
   1.5

mean [1,2,3]:
   2

mean [1,2,3,4]:
   2.5

mean [1,2,3,4,5]:
   3

